these 3 derivations will be built:
  /nix/store/wd4v45xfk1axv19qid2grjn8wb7lm4sl-glfw-3.4.drv
  /nix/store/dxzj3b9vrj56ba8clvrf2d3j3vb21pff-cudaterm-0.1.0.drv
  /nix/store/1a41wc7aja55acq5qyjrz1s8a96bqzjy-cudaterm-sync-test.drv
these 4 paths will be fetched (22.0 MiB download, 68.7 MiB unpacked):
  /nix/store/908kvhj55s5z7laavf4pddxrxl62rrgl-cmake-4.3.4
  /nix/store/79q8jwvn8agi5vd2gjnv4km9m5mww1v9-curl-8.21.0
  /nix/store/aavp82hjlh9951ndxv022g5xdg9p87s2-libxxf86vm-1.1.7-dev
  /nix/store/cyf43xn0xax25vn06zkpppq70gvh64hv-rhash-1.4.6
copying path '/nix/store/aavp82hjlh9951ndxv022g5xdg9p87s2-libxxf86vm-1.1.7-dev' from 'https://cache.nixos.org'...
copying path '/nix/store/79q8jwvn8agi5vd2gjnv4km9m5mww1v9-curl-8.21.0' from 'https://cache.nixos.org'...
copying path '/nix/store/cyf43xn0xax25vn06zkpppq70gvh64hv-rhash-1.4.6' from 'https://cache.nixos.org'...
copying path '/nix/store/908kvhj55s5z7laavf4pddxrxl62rrgl-cmake-4.3.4' from 'https://cache.nixos.org'...
building '/nix/store/wd4v45xfk1axv19qid2grjn8wb7lm4sl-glfw-3.4.drv'...
building '/nix/store/dxzj3b9vrj56ba8clvrf2d3j3vb21pff-cudaterm-0.1.0.drv'...
building '/nix/store/1a41wc7aja55acq5qyjrz1s8a96bqzjy-cudaterm-sync-test.drv'...
wl_display_dispatch: Broken pipe
PASS: slow uploads and coalesced update boundaries retain complete frames
PASS: inherited PTY closes with final output and direct child status
PASS: Wayland Ctrl-Space reached the PTY during CUDA decode in 0.1 ms
PASS: Wayland Shift-selection clipboard roundtrip preserves UTF-8 and bracketed-paste framing
PASS: Wayland large external clipboard paste preserves UTF-8 and bracketed-paste framing
