Date: 2026-09-05 EDT
[18:54:12.003] weston 16.0.0
               https://wayland.freedesktop.org
               Bug reports to: https://gitlab.freedesktop.org/wayland/weston/issues/
               Build: 16.0.0
[18:54:12.003] Command line: /nix/store/bym3mrisbsrph2654wj5bhc1x5ijhv0q-weston-16.0.0/bin/weston --backend=headless --renderer=gl --shell=desktop --socket=wayland-private-baseline --no-config --debug --modules=/nix/store/gjy7nxx5l52l9nfc6yw1bxvm0yppg586-cudaterm-headless-seat/lib/seat.so --width=2800 --height=1600
[18:54:12.003] OS: Linux, 7.2.0, #1-NixOS SMP PREEMPT_DYNAMIC Sun Aug 16 21:32:26 UTC 2026, x86_64
[18:54:12.003] Flight recorder: enabled, scopes subscribed: log
[18:54:12.003] Starting with no config file.
WARNING: debug protocol has been enabled. This is a potential denial-of-service attack vector and information leak.
[18:54:12.003] Output repaint window is 7 ms maximum.
[18:54:12.003] Loading module '/nix/store/bym3mrisbsrph2654wj5bhc1x5ijhv0q-weston-16.0.0/lib/libweston-16/headless-backend.so'
[18:54:12.010] Loading module '/nix/store/bym3mrisbsrph2654wj5bhc1x5ijhv0q-weston-16.0.0/lib/libweston-16/gl-renderer.so'
[18:54:12.040] Using rendering device: /dev/dri/renderD129
[18:54:12.040] EGL version: 1.5
[18:54:12.040] EGL vendor: NVIDIA
[18:54:12.040] EGL client APIs: OpenGL_ES OpenGL
[18:54:12.040] EGL features:
               EGL Wayland extension: yes
               context priority: yes
               buffer age: yes
               partial update: yes
               swap buffers with damage: yes
               configless context: yes
               surfaceless context: yes
               dmabuf support: modifiers
               fence sync: yes (native, wait)
[18:54:12.059] GL version: OpenGL ES 3.2 NVIDIA 595.91.07
[18:54:12.059] GLSL version: OpenGL ES GLSL ES 3.20
[18:54:12.060] GL vendor: NVIDIA Corporation
[18:54:12.060] GL renderer: NVIDIA GeForce RTX 4090/PCIe/SSE2
[18:54:12.060] GL ES 3.2 - renderer features:
               read-back format: ARGB8888
               glReadPixels supports y-flip: no
               glReadPixels supports PBO: yes
               wl_shm 10 bpc formats: yes
               wl_shm 16 bpc formats: yes
               wl_shm half-float formats: yes
               internal R and RG formats: yes
               OES_EGL_image_external: yes
               GPU timeline: yes
               Texture immutability: yes
               Required precision: yes
               In-shader blending: no
[18:54:12.060] Using GL renderer
[18:54:12.060] Registered plugin API 'weston_windowed_output_api_headless_v2' of size 16
[18:54:12.060] Color manager: no-op
                 protocol support: no
[18:54:12.060] Output 'headless' attempts EOTF mode SDR and colorimetry mode default.
[18:54:12.060] Output 'headless' using color profile: stock sRGB color profile
[18:54:12.060] Output 'headless' enabled with head(s) headless
[18:54:12.060] Compositor capabilities:
               arbitrary surface rotation: yes
               screen capture uses y-flip: yes
               cursor planes: no
               arbitrary resolutions: no
               view mask clipping: yes
               explicit sync: yes
               color operations: yes
               color representation: yes
               in-shader blending: no
               presentation clock: CLOCK_MONOTONIC_RAW, id 4
               presentation clock resolution: 0.000000001 s
[18:54:12.061] Loading module '/nix/store/bym3mrisbsrph2654wj5bhc1x5ijhv0q-weston-16.0.0/lib/weston/desktop-shell.so'
[18:54:12.061] Loading module '/nix/store/gjy7nxx5l52l9nfc6yw1bxvm0yppg586-cudaterm-headless-seat/lib/seat.so'
[18:54:12.062] Currently advertised debug scopes:
               'log' - Weston and Wayland log
               'scene-graph' - Scene graph details
               'timeline' - Timeline event points
               'libseat-debug' - libseat debug messages
               'proto' - Wayland protocol dump for all clients.
               'gl-renderer-ext' - Print GL-renderer extensions
               'gl-renderer-paint-nodes' - Print GL-renderer debug information about paint nodes
               'gl-shader-generator' - GL renderer shader compilation and cache.
[18:54:12.062] launching '/nix/store/bym3mrisbsrph2654wj5bhc1x5ijhv0q-weston-16.0.0/libexec/weston-keyboard'
[18:54:12.063] launching '/nix/store/bym3mrisbsrph2654wj5bhc1x5ijhv0q-weston-16.0.0/libexec/weston-desktop-shell'
[18:54:24.815] libwayland: failed to read client connection (pid 4988)
[18:54:33.307] libwayland: failed to read client connection (pid 5236)
[18:54:41.790] libwayland: failed to read client connection (pid 6067)
[18:55:02.996] libwayland: failed to read client connection (pid 8682)
[18:55:19.996] libwayland: failed to read client connection (pid 13227)
[18:55:28.504] caught signal 15
[18:55:28.506] BUG: finalizing a layer with views still on it.
