evaluating flake...
checking flake output 'lib'...
checking flake output 'finixModules'...
warning: unknown flake output 'finixModules'
checking flake output 'packages'...
checking derivation packages.x86_64-linux.default...
derivation evaluated to /nix/store/ywhbjvbzfjhd1v78pk5652h9m6yv08zr-cudaterm-0.1.0.drv
checking derivation packages.x86_64-linux.headless-seat...
derivation evaluated to /nix/store/6gkkl7p3439y8rk3q3fhb6hj65azslwv-cudaterm-headless-seat.drv
checking flake output 'apps'...
checking app 'apps.x86_64-linux.default'...
warning: app 'apps.x86_64-linux.default' lacks attribute 'meta'
checking app 'apps.x86_64-linux.appearance-test'...
warning: app 'apps.x86_64-linux.appearance-test' lacks attribute 'meta'
checking app 'apps.x86_64-linux.build-face'...
warning: app 'apps.x86_64-linux.build-face' lacks attribute 'meta'
checking app 'apps.x86_64-linux.unicode-test'...
warning: app 'apps.x86_64-linux.unicode-test' lacks attribute 'meta'
checking app 'apps.x86_64-linux.csi-test'...
warning: app 'apps.x86_64-linux.csi-test' lacks attribute 'meta'
checking app 'apps.x86_64-linux.styled-test'...
warning: app 'apps.x86_64-linux.styled-test' lacks attribute 'meta'
checking app 'apps.x86_64-linux.workspace-test'...
warning: app 'apps.x86_64-linux.workspace-test' lacks attribute 'meta'
checking app 'apps.x86_64-linux.selection-test'...
warning: app 'apps.x86_64-linux.selection-test' lacks attribute 'meta'
checking app 'apps.x86_64-linux.mouse-test'...
warning: app 'apps.x86_64-linux.mouse-test' lacks attribute 'meta'
checking app 'apps.x86_64-linux.charset-test'...
warning: app 'apps.x86_64-linux.charset-test' lacks attribute 'meta'
checking app 'apps.x86_64-linux.scrollback-test'...
warning: app 'apps.x86_64-linux.scrollback-test' lacks attribute 'meta'
checking app 'apps.x86_64-linux.reference-test'...
warning: app 'apps.x86_64-linux.reference-test' lacks attribute 'meta'
checking app 'apps.x86_64-linux.vt-test'...
warning: app 'apps.x86_64-linux.vt-test' lacks attribute 'meta'
checking app 'apps.x86_64-linux.plain-test'...
warning: app 'apps.x86_64-linux.plain-test' lacks attribute 'meta'
checking app 'apps.x86_64-linux.bench'...
warning: app 'apps.x86_64-linux.bench' lacks attribute 'meta'
checking app 'apps.x86_64-linux.test'...
warning: app 'apps.x86_64-linux.test' lacks attribute 'meta'
checking app 'apps.x86_64-linux.memory-probe'...
warning: app 'apps.x86_64-linux.memory-probe' lacks attribute 'meta'
checking app 'apps.x86_64-linux.engine-host'...
warning: app 'apps.x86_64-linux.engine-host' lacks attribute 'meta'
checking app 'apps.x86_64-linux.graphics-test'...
warning: app 'apps.x86_64-linux.graphics-test' lacks attribute 'meta'
checking app 'apps.x86_64-linux.headless-test'...
warning: app 'apps.x86_64-linux.headless-test' lacks attribute 'meta'
checking app 'apps.x86_64-linux.sync-test'...
warning: app 'apps.x86_64-linux.sync-test' lacks attribute 'meta'
checking flake output 'checks'...
checking derivation checks.x86_64-linux.build...
derivation evaluated to /nix/store/ywhbjvbzfjhd1v78pk5652h9m6yv08zr-cudaterm-0.1.0.drv
checking flake output 'devShells'...
checking derivation devShells.x86_64-linux.default...
derivation evaluated to /nix/store/v78ac4icc5lr9rlgjb4pg6483kx7kj66-nix-shell.drv
running 0 flake checks...
all checks passed!
