Date: 2026-09-05 EDT
[12:47:27.749] weston 16.0.0
               https://wayland.freedesktop.org
               Bug reports to: https://gitlab.freedesktop.org/wayland/weston/issues/
               Build: 16.0.0
[12:47:27.749] Command line: /nix/store/bym3mrisbsrph2654wj5bhc1x5ijhv0q-weston-16.0.0/bin/weston --backend=headless --renderer=gl --shell=desktop --socket=wayland-cuda --no-config --debug --modules=/nix/store/wq0wziz3c3944a36k3dk7fl0c8khfrz6-cudaterm-headless-seat/lib/seat.so --width=2800 --height=1600
[12:47:27.749] OS: Linux, 7.2.0, #1-NixOS SMP PREEMPT_DYNAMIC Sun Aug 16 21:32:26 UTC 2026, x86_64
[12:47:27.749] Flight recorder: enabled, scopes subscribed: log
[12:47:27.749] Starting with no config file.
WARNING: debug protocol has been enabled. This is a potential denial-of-service attack vector and information leak.
[12:47:27.749] Output repaint window is 7 ms maximum.
[12:47:27.749] Loading module '/nix/store/bym3mrisbsrph2654wj5bhc1x5ijhv0q-weston-16.0.0/lib/libweston-16/headless-backend.so'
[12:47:27.752] Loading module '/nix/store/bym3mrisbsrph2654wj5bhc1x5ijhv0q-weston-16.0.0/lib/libweston-16/gl-renderer.so'
[12:47:27.773] Using rendering device: /dev/dri/renderD129
[12:47:27.774] EGL version: 1.5
[12:47:27.774] EGL vendor: NVIDIA
[12:47:27.774] EGL client APIs: OpenGL_ES OpenGL
[12:47:27.774] EGL features:
               EGL Wayland extension: yes
               context priority: yes
               buffer age: yes
               partial update: yes
               swap buffers with damage: yes
               configless context: yes
               surfaceless context: yes
               dmabuf support: modifiers
               fence sync: yes (native, wait)
[12:47:27.793] GL version: OpenGL ES 3.2 NVIDIA 595.91.07
[12:47:27.793] GLSL version: OpenGL ES GLSL ES 3.20
[12:47:27.793] GL vendor: NVIDIA Corporation
[12:47:27.793] GL renderer: NVIDIA GeForce RTX 4090/PCIe/SSE2
[12:47:27.793] GL ES 3.2 - renderer features:
               read-back format: ARGB8888
               glReadPixels supports y-flip: no
               glReadPixels supports PBO: yes
               wl_shm 10 bpc formats: yes
               wl_shm 16 bpc formats: yes
               wl_shm half-float formats: yes
               internal R and RG formats: yes
               OES_EGL_image_external: yes
               GPU timeline: yes
               Texture immutability: yes
               Required precision: yes
               In-shader blending: no
[12:47:27.794] Using GL renderer
[12:47:27.794] Registered plugin API 'weston_windowed_output_api_headless_v2' of size 16
[12:47:27.794] Color manager: no-op
                 protocol support: no
[12:47:27.794] Output 'headless' attempts EOTF mode SDR and colorimetry mode default.
[12:47:27.794] Output 'headless' using color profile: stock sRGB color profile
[12:47:27.794] Output 'headless' enabled with head(s) headless
[12:47:27.794] Compositor capabilities:
               arbitrary surface rotation: yes
               screen capture uses y-flip: yes
               cursor planes: no
               arbitrary resolutions: no
               view mask clipping: yes
               explicit sync: yes
               color operations: yes
               color representation: yes
               in-shader blending: no
               presentation clock: CLOCK_MONOTONIC_RAW, id 4
               presentation clock resolution: 0.000000001 s
[12:47:27.794] Loading module '/nix/store/bym3mrisbsrph2654wj5bhc1x5ijhv0q-weston-16.0.0/lib/weston/desktop-shell.so'
[12:47:27.794] Loading module '/nix/store/wq0wziz3c3944a36k3dk7fl0c8khfrz6-cudaterm-headless-seat/lib/seat.so'
[12:47:27.795] Currently advertised debug scopes:
               'log' - Weston and Wayland log
               'scene-graph' - Scene graph details
               'timeline' - Timeline event points
               'libseat-debug' - libseat debug messages
               'proto' - Wayland protocol dump for all clients.
               'gl-renderer-ext' - Print GL-renderer extensions
               'gl-renderer-paint-nodes' - Print GL-renderer debug information about paint nodes
               'gl-shader-generator' - GL renderer shader compilation and cache.
[12:47:27.795] launching '/nix/store/bym3mrisbsrph2654wj5bhc1x5ijhv0q-weston-16.0.0/libexec/weston-keyboard'
[12:47:27.796] launching '/nix/store/bym3mrisbsrph2654wj5bhc1x5ijhv0q-weston-16.0.0/libexec/weston-desktop-shell'
[12:47:30.490] libwayland: failed to read client connection (pid 9396)
[12:47:33.171] libwayland: failed to read client connection (pid 9520)
[12:47:37.022] libwayland: failed to read client connection (pid 10233)
[12:47:37.102] caught signal 15
[12:47:37.105] BUG: finalizing a layer with views still on it.
